// Jest Snapshot v1, https://goo.gl/fbAQLP

exports[`Dropdown should snapshot render 1`] = `
<div
  className="container"
>
  <div
    onClick={[Function]}
  >
    <button />
  </div>
</div>
`;
